// Jest Snapshot v1, https://goo.gl/fbAQLP

exports[`App should render correctly with Router 1`] = `
{
  "asFragment": [Function],
  "baseElement": <body>
    <div>
      <div
        class="sc-bcXHqe lbAtZn"
        data-testid="app__banner"
      >
        <div
          class="sc-gswNZR fpcRz"
        >
          GitHub Memory
        </div>
      </div>
      <div
        class="sc-dkrFOg dmtuQU"
        data-testid="app__wrapper"
      >
        <div
          class="sc-eDvSVe ewnMrV"
          data-testid="home"
        >
          <div
            class="sc-jSUZER ghjMJT"
            data-testid="home__box"
          >
            <div
              class="sc-gKPRtg fVBoFd"
              data-testid="home__title"
            >
              <div
                class="sc-iBYQkv fASOKr"
              >
                Welcome to
              </div>
              <div
                class="sc-ftTHYK hTSZkf"
              >
                GitHub Memory
              </div>
            </div>
            <div
              class="sc-jrcTuL"
              data-testid="home__actions"
            >
              <button
                class="sc-hLBbgP hIGdbd"
                data-testid="start_game__btn"
              >
                <span
                  class="sc-pyfCe kdlpgc"
                >
                  Start
                </span>
              </button>
            </div>
          </div>
        </div>
      </div>
    </div>
  </body>,
  "container": <div>
    <div
      class="sc-bcXHqe lbAtZn"
      data-testid="app__banner"
    >
      <div
        class="sc-gswNZR fpcRz"
      >
        GitHub Memory
      </div>
    </div>
    <div
      class="sc-dkrFOg dmtuQU"
      data-testid="app__wrapper"
    >
      <div
        class="sc-eDvSVe ewnMrV"
        data-testid="home"
      >
        <div
          class="sc-jSUZER ghjMJT"
          data-testid="home__box"
        >
          <div
            class="sc-gKPRtg fVBoFd"
            data-testid="home__title"
          >
            <div
              class="sc-iBYQkv fASOKr"
            >
              Welcome to
            </div>
            <div
              class="sc-ftTHYK hTSZkf"
            >
              GitHub Memory
            </div>
          </div>
          <div
            class="sc-jrcTuL"
            data-testid="home__actions"
          >
            <button
              class="sc-hLBbgP hIGdbd"
              data-testid="start_game__btn"
            >
              <span
                class="sc-pyfCe kdlpgc"
              >
                Start
              </span>
            </button>
          </div>
        </div>
      </div>
    </div>
  </div>,
  "debug": [Function],
  "findAllByAltText": [Function],
  "findAllByDisplayValue": [Function],
  "findAllByLabelText": [Function],
  "findAllByPlaceholderText": [Function],
  "findAllByRole": [Function],
  "findAllByTestId": [Function],
  "findAllByText": [Function],
  "findAllByTitle": [Function],
  "findByAltText": [Function],
  "findByDisplayValue": [Function],
  "findByLabelText": [Function],
  "findByPlaceholderText": [Function],
  "findByRole": [Function],
  "findByTestId": [Function],
  "findByText": [Function],
  "findByTitle": [Function],
  "getAllByAltText": [Function],
  "getAllByDisplayValue": [Function],
  "getAllByLabelText": [Function],
  "getAllByPlaceholderText": [Function],
  "getAllByRole": [Function],
  "getAllByTestId": [Function],
  "getAllByText": [Function],
  "getAllByTitle": [Function],
  "getByAltText": [Function],
  "getByDisplayValue": [Function],
  "getByLabelText": [Function],
  "getByPlaceholderText": [Function],
  "getByRole": [Function],
  "getByTestId": [Function],
  "getByText": [Function],
  "getByTitle": [Function],
  "queryAllByAltText": [Function],
  "queryAllByDisplayValue": [Function],
  "queryAllByLabelText": [Function],
  "queryAllByPlaceholderText": [Function],
  "queryAllByRole": [Function],
  "queryAllByTestId": [Function],
  "queryAllByText": [Function],
  "queryAllByTitle": [Function],
  "queryByAltText": [Function],
  "queryByDisplayValue": [Function],
  "queryByLabelText": [Function],
  "queryByPlaceholderText": [Function],
  "queryByRole": [Function],
  "queryByTestId": [Function],
  "queryByText": [Function],
  "queryByTitle": [Function],
  "rerender": [Function],
  "unmount": [Function],
}
`;
