// Jest Snapshot v1, https://goo.gl/fbAQLP

exports[`Home should render correctly 1`] = `
{
  "asFragment": [Function],
  "baseElement": <body>
    <div>
      <div
        class="sc-gswNZR bAwMWr"
        data-testid="home"
      >
        <div
          class="sc-dkrFOg ilenFF"
          data-testid="home__box"
        >
          <div
            class="sc-hLBbgP iuiwzT"
            data-testid="home__title"
          >
            <div
              class="sc-eDvSVe llhKVC"
            >
              Welcome to
            </div>
            <div
              class="sc-jSUZER AzuVu"
            >
              GitHub Memory
            </div>
          </div>
          <div
            class="sc-iBYQkv"
            data-testid="home__actions"
          >
            <button
              class="sc-bcXHqe kJpEhf"
              data-testid="start_game__btn"
            >
              <span
                class="sc-gKPRtg hPtRSE"
              >
                Start
              </span>
            </button>
          </div>
        </div>
      </div>
    </div>
  </body>,
  "container": <div>
    <div
      class="sc-gswNZR bAwMWr"
      data-testid="home"
    >
      <div
        class="sc-dkrFOg ilenFF"
        data-testid="home__box"
      >
        <div
          class="sc-hLBbgP iuiwzT"
          data-testid="home__title"
        >
          <div
            class="sc-eDvSVe llhKVC"
          >
            Welcome to
          </div>
          <div
            class="sc-jSUZER AzuVu"
          >
            GitHub Memory
          </div>
        </div>
        <div
          class="sc-iBYQkv"
          data-testid="home__actions"
        >
          <button
            class="sc-bcXHqe kJpEhf"
            data-testid="start_game__btn"
          >
            <span
              class="sc-gKPRtg hPtRSE"
            >
              Start
            </span>
          </button>
        </div>
      </div>
    </div>
  </div>,
  "debug": [Function],
  "findAllByAltText": [Function],
  "findAllByDisplayValue": [Function],
  "findAllByLabelText": [Function],
  "findAllByPlaceholderText": [Function],
  "findAllByRole": [Function],
  "findAllByTestId": [Function],
  "findAllByText": [Function],
  "findAllByTitle": [Function],
  "findByAltText": [Function],
  "findByDisplayValue": [Function],
  "findByLabelText": [Function],
  "findByPlaceholderText": [Function],
  "findByRole": [Function],
  "findByTestId": [Function],
  "findByText": [Function],
  "findByTitle": [Function],
  "getAllByAltText": [Function],
  "getAllByDisplayValue": [Function],
  "getAllByLabelText": [Function],
  "getAllByPlaceholderText": [Function],
  "getAllByRole": [Function],
  "getAllByTestId": [Function],
  "getAllByText": [Function],
  "getAllByTitle": [Function],
  "getByAltText": [Function],
  "getByDisplayValue": [Function],
  "getByLabelText": [Function],
  "getByPlaceholderText": [Function],
  "getByRole": [Function],
  "getByTestId": [Function],
  "getByText": [Function],
  "getByTitle": [Function],
  "queryAllByAltText": [Function],
  "queryAllByDisplayValue": [Function],
  "queryAllByLabelText": [Function],
  "queryAllByPlaceholderText": [Function],
  "queryAllByRole": [Function],
  "queryAllByTestId": [Function],
  "queryAllByText": [Function],
  "queryAllByTitle": [Function],
  "queryByAltText": [Function],
  "queryByDisplayValue": [Function],
  "queryByLabelText": [Function],
  "queryByPlaceholderText": [Function],
  "queryByRole": [Function],
  "queryByTestId": [Function],
  "queryByText": [Function],
  "queryByTitle": [Function],
  "rerender": [Function],
  "unmount": [Function],
}
`;
